[2026-10-05T00:35:37.199Z][INFO] Command-line: 'C:\\Program Files\\Unity\\Hub\\Editor\\6000.6.2f1\\Editor\\Data\\Resources\\PackageManager\\Server\\UnityPackageManager.exe' server -s 43644 --ipc-path Unity-Upm-43644 -l 2 --log-file C:\\Users\\anima\\OneDrive\\Desktop\\Unity-Projects\\Roll-a-Ball/Logs/upm.log
[2026-10-05T00:35:37.281Z][INFO] IPC server started (IPC path=Unity-Upm-43644).
[2026-10-05T00:35:37.281Z][INFO] Hint: To connect to this UPM instance, launch Unity with the command-line parameter -upmIpcPath Upm-43644.
[2026-10-05T00:35:55.807Z][INFO] project:list-packages <-- Request received
params: {}
[2026-10-05T00:35:55.956Z][INFO] config:project:get-registries <-- Request received
params: {}
[2026-10-05T00:35:56.593Z][INFO] config:project:get-registries --> 200 (637 ms)
[2026-10-05T00:35:56.979Z][INFO] project:list-packages --> 200 (1173 ms)
[2026-10-05T00:35:57.031Z][INFO] project:list-packages <-- Request received
params: {}
[2026-10-05T00:35:57.295Z][INFO] project:list-packages --> 200 (264 ms)
[2026-10-05T00:36:19.840Z][INFO] project:list-packages <-- Request received
params: {}
[2026-10-05T00:36:19.928Z][INFO] project:list-packages <-- Request received
params: {}
[2026-10-05T00:36:20.139Z][INFO] project:list-packages --> 200 (299 ms)
[2026-10-05T00:36:20.239Z][INFO] project:list-packages --> 200 (311 ms)
[2026-10-05T00:36:20.383Z][INFO] project:list-packages <-- Request received
params: {}
[2026-10-05T00:36:20.534Z][INFO] config:project:get-registries <-- Request received
params: {}
[2026-10-05T00:36:20.550Z][INFO] config:project:get-registries --> 200 (16 ms)
[2026-10-05T00:36:20.583Z][INFO] project:list-packages --> 200 (200 ms)
[2026-10-05T00:36:26.703Z][INFO] project:list-packages <-- Request received
params: {}
[2026-10-05T00:36:26.925Z][INFO] project:list-packages --> 200 (221 ms)
[2026-10-05T00:36:33.721Z][INFO] project:list-packages <-- Request received
params: {}
[2026-10-05T00:36:34.462Z][INFO] project:list-packages --> 200 (742 ms)
[2026-10-05T00:40:45.262Z][INFO] project:list-packages <-- Request received
params: {}
[2026-10-05T00:40:45.811Z][INFO] project:list-packages <-- Request received
params: {}
[2026-10-05T00:40:45.951Z][INFO] config:project:get-registries <-- Request received
params: {}
[2026-10-05T00:40:46.009Z][INFO] config:project:get-registries --> 200 (58 ms)
[2026-10-05T00:40:46.440Z][INFO] project:list-packages --> 200 (1179 ms)
[2026-10-05T00:40:46.442Z][INFO] project:list-packages --> 200 (631 ms)
[2026-10-05T00:43:11.021Z][INFO] project:list-packages <-- Request received
params: {}
[2026-10-05T00:43:11.196Z][INFO] project:list-packages --> 200 (175 ms)
[2026-10-05T00:43:11.539Z][INFO] project:list-packages <-- Request received
params: {}
[2026-10-05T00:43:11.690Z][INFO] config:project:get-registries <-- Request received
params: {}
[2026-10-05T00:43:11.705Z][INFO] config:project:get-registries --> 200 (16 ms)
[2026-10-05T00:43:11.734Z][INFO] project:list-packages --> 200 (195 ms)
[2026-10-05T00:44:33.789Z][INFO] project:list-packages <-- Request received
params: {}
[2026-10-05T00:44:33.999Z][INFO] project:list-packages --> 200 (210 ms)
[2026-10-05T00:44:34.346Z][INFO] project:list-packages <-- Request received
params: {}
[2026-10-05T00:44:34.547Z][INFO] config:project:get-registries <-- Request received
params: {}
[2026-10-05T00:44:34.559Z][INFO] config:project:get-registries --> 200 (12 ms)
[2026-10-05T00:44:34.607Z][INFO] project:list-packages --> 200 (261 ms)
[2026-10-05T00:47:05.793Z][INFO] project:list-packages <-- Request received
params: {}
[2026-10-05T00:47:05.992Z][INFO] project:list-packages --> 200 (199 ms)
[2026-10-05T00:47:06.319Z][INFO] project:list-packages <-- Request received
params: {}
[2026-10-05T00:47:06.488Z][INFO] config:project:get-registries <-- Request received
params: {}
[2026-10-05T00:47:06.496Z][INFO] config:project:get-registries --> 200 (8 ms)
[2026-10-05T00:47:06.526Z][INFO] project:list-packages --> 200 (207 ms)
[2026-10-05T00:49:23.399Z][INFO] project:list-packages <-- Request received
params: {}
[2026-10-05T00:49:23.575Z][INFO] project:list-packages --> 200 (177 ms)
[2026-10-05T00:49:23.940Z][INFO] project:list-packages <-- Request received
params: {}
[2026-10-05T00:49:24.113Z][INFO] config:project:get-registries <-- Request received
params: {}
[2026-10-05T00:49:24.133Z][INFO] config:project:get-registries --> 200 (21 ms)
[2026-10-05T00:49:24.149Z][INFO] project:list-packages --> 200 (208 ms)
